lib/api/bg-jobs.ts(108,31): error TS2339: Property 'noInvoice' does not exist on type '{ invoiceSyncStatus: string; invoiceSyncError: any; invoiceSyncAt: Date; }'.
lib/api/bg-jobs.ts(109,31): error TS2339: Property 'vendorInvoiceId' does not exist on type '{ invoiceSyncStatus: string; invoiceSyncError: any; invoiceSyncAt: Date; }'.
lib/api/bg-jobs.ts(156,29): error TS2339: Property 'type' does not exist on type '{ status: string; }'.
lib/api/cpo-status-sync.ts(43,11): error TS2339: Property 'status' does not exist on type '{ updatedAt: Date; lastVendorEvent: any; lastVendorEventAt: Date; }'.
lib/api/cpo-status-sync.ts(44,11): error TS2339: Property 'confirmedAt' does not exist on type '{ updatedAt: Date; lastVendorEvent: any; lastVendorEventAt: Date; }'.
lib/api/cpo-status-sync.ts(45,11): error TS2339: Property 'vendorSoId' does not exist on type '{ updatedAt: Date; lastVendorEvent: any; lastVendorEventAt: Date; }'.
lib/api/cpo-status-sync.ts(46,11): error TS2339: Property 'vendorNoSO' does not exist on type '{ updatedAt: Date; lastVendorEvent: any; lastVendorEventAt: Date; }'.
lib/api/cpo-status-sync.ts(48,23): error TS2339: Property 'vendorSoSnapshot' does not exist on type '{ updatedAt: Date; lastVendorEvent: any; lastVendorEventAt: Date; }'.
lib/api/cpo-status-sync.ts(57,11): error TS2339: Property 'items' does not exist on type '{ updatedAt: Date; lastVendorEvent: any; lastVendorEventAt: Date; }'.
lib/api/cpo-status-sync.ts(58,11): error TS2339: Property 'status' does not exist on type '{ updatedAt: Date; lastVendorEvent: any; lastVendorEventAt: Date; }'.
lib/api/cpo-status-sync.ts(59,11): error TS2339: Property 'shippedAt' does not exist on type '{ updatedAt: Date; lastVendorEvent: any; lastVendorEventAt: Date; }'.
lib/api/cpo-status-sync.ts(60,11): error TS2339: Property 'vendorNoDO' does not exist on type '{ updatedAt: Date; lastVendorEvent: any; lastVendorEventAt: Date; }'.
lib/api/cpo-status-sync.ts(64,13): error TS2339: Property 'vendorNoDOMap' does not exist on type '{ updatedAt: Date; lastVendorEvent: any; lastVendorEventAt: Date; }'.
lib/api/cpo-status-sync.ts(67,11): error TS2339: Property 'status' does not exist on type '{ updatedAt: Date; lastVendorEvent: any; lastVendorEventAt: Date; }'.
lib/api/cpo-status-sync.ts(68,11): error TS2339: Property 'invoicedAt' does not exist on type '{ updatedAt: Date; lastVendorEvent: any; lastVendorEventAt: Date; }'.
lib/api/cpo-status-sync.ts(69,11): error TS2339: Property 'vendorNoInvoice' does not exist on type '{ updatedAt: Date; lastVendorEvent: any; lastVendorEventAt: Date; }'.
lib/api/cpo-status-sync.ts(70,11): error TS2339: Property 'vendorInvoiceId' does not exist on type '{ updatedAt: Date; lastVendorEvent: any; lastVendorEventAt: Date; }'.
lib/api/cpo-status-sync.ts(71,11): error TS2339: Property 'invoiceTotal' does not exist on type '{ updatedAt: Date; lastVendorEvent: any; lastVendorEventAt: Date; }'.
lib/api/cpo-status-sync.ts(75,73): error TS2339: Property 'status' does not exist on type '{ updatedAt: Date; lastVendorEvent: any; lastVendorEventAt: Date; }'.
lib/api/grn-notify-sales.ts(69,14): error TS2339: Property 'error' does not exist on type '{ action: string; hutangId: any; noHutang: any; approvalStatus: any; total?: undefined; matchStatus?: undefined; } | { action: string; hutangId: any; noHutang: any; total: number; approvalStatus: string; matchStatus: string; } | { ...; } | { ...; }'.
lib/api/grn-notify-sales.ts(70,28): error TS2339: Property 'error' does not exist on type '{ action: string; hutangId: any; noHutang: any; approvalStatus: any; total?: undefined; matchStatus?: undefined; } | { action: string; hutangId: any; noHutang: any; total: number; approvalStatus: string; matchStatus: string; } | { ...; } | { ...; }'.
lib/api/grn-post-stock.ts(70,33): error TS2339: Property 'stok' does not exist on type 'unknown'.
lib/api/grn-post-stock.ts(71,32): error TS2339: Property 'hargaBeli' does not exist on type 'unknown'.
lib/api/grn-post-stock.ts(72,32): error TS2339: Property 'hargaBeli' does not exist on type 'unknown'.
lib/api/grn-post-stock.ts(121,37): error TS2339: Property 'qty' does not exist on type 'unknown'.
lib/api/grn-post.ts(74,13): error TS2551: Property 'invoiceSyncStatus' does not exist on type '{ invoiceSyncAt: Date; }'. Did you mean 'invoiceSyncAt'?
lib/api/grn-post.ts(75,13): error TS2339: Property 'invoiceSyncError' does not exist on type '{ invoiceSyncAt: Date; }'.
lib/api/grn-post.ts(77,13): error TS2551: Property 'invoiceSyncStatus' does not exist on type '{ invoiceSyncAt: Date; }'. Did you mean 'invoiceSyncAt'?
lib/api/grn-post.ts(79,13): error TS2551: Property 'invoiceSyncStatus' does not exist on type '{ invoiceSyncAt: Date; }'. Did you mean 'invoiceSyncAt'?
lib/api/grn-post.ts(80,40): error TS2339: Property 'noInvoice' does not exist on type '{ invoiceSyncAt: Date; }'.
lib/api/grn-post.ts(83,38): error TS2551: Property 'invoiceSyncStatus' does not exist on type '{ invoiceSyncAt: Date; }'. Did you mean 'invoiceSyncAt'?
lib/api/grn-post.ts(84,15): error TS2339: Property 'noInvoice' does not exist on type '{ invoiceSyncAt: Date; }'.
lib/api/grn-post.ts(84,51): error TS2339: Property 'noInvoice' does not exist on type '{ invoiceSyncAt: Date; }'.
lib/api/handlers/auth.ts(95,17): error TS2339: Property 'actingTenantId' does not exist on type '{ id: any; email: any; name: any; role: any; tenantId: string; tenantName: any; }'.
lib/api/handlers/auth.ts(96,17): error TS2339: Property 'actingTenantName' does not exist on type '{ id: any; email: any; name: any; role: any; tenantId: string; tenantName: any; }'.
lib/api/handlers/catalog-sync.ts(23,31): error TS2345: Argument of type '{ db: any; route: string; method: string; body: { salesAppUrl: any; apiKey: any; vendorTenantId: any; customerTenantId: any; }; auth: any; }' is not assignable to parameter of type '{ db: any; route: any; method: any; body: any; auth: any; url: any; request: any; }'.
lib/api/handlers/customer-po.ts(331,3): error TS2322: Type 'Filter<TenantDoc> | { $and: {}[]; }' is not assignable to type '{ status: string; vendorSyncPending: { $ne: boolean; }; $or: ({ vendorSyncAt: { $exists: boolean; $lt?: undefined; }; } | { vendorSyncAt: { $lt: Date; $exists?: undefined; }; })[]; }'.
lib/api/handlers/customer-po.ts(379,11): error TS2339: Property 'approvedBy' does not exist on type '{ status: string; vendorSubmissions: any; vendorTenantId: any; vendorSoId: any; vendorNoSO: any; submittedAt: Date; updatedAt: Date; vendorSyncPending: boolean; vendorSyncError: any; }'.
lib/api/handlers/customer-po.ts(384,11): error TS2339: Property 'approvedAt' does not exist on type '{ status: string; vendorSubmissions: any; vendorTenantId: any; vendorSoId: any; vendorNoSO: any; submittedAt: Date; updatedAt: Date; vendorSyncPending: boolean; vendorSyncError: any; }'.
lib/api/handlers/customer-po.ts(392,21): error TS2339: Property 'vendorSoSnapshot' does not exist on type '{ status: string; vendorSubmissions: any; vendorTenantId: any; vendorSoId: any; vendorNoSO: any; submittedAt: Date; updatedAt: Date; vendorSyncPending: boolean; vendorSyncError: any; }'.
lib/api/handlers/customer-po.ts(403,5): error TS2322: Type 'Filter<TenantDoc> | { $and: {}[]; }' is not assignable to type '{ status: any; } | { status?: undefined; }'.
lib/api/handlers/customer-po.ts(520,21): error TS2339: Property 'createdBy' does not exist on type '{ status: string; requestedAt: Date; updatedAt: Date; requestedBy: { userId: any; userName: string; role: any; }; }'.
lib/api/handlers/customer-po.ts(522,21): error TS2339: Property 'createdBy' does not exist on type '{ status: string; requestedAt: Date; updatedAt: Date; requestedBy: { userId: any; userName: string; role: any; }; }'.
lib/api/handlers/goods-receipts.ts(37,5): error TS2322: Type 'Filter<TenantDoc> | { $and: {}[]; }' is not assignable to type '{ status: any; } | { status?: undefined; }'.
lib/api/handlers/integrations.ts(69,13): error TS2554: Expected 5 arguments, but got 4.
lib/api/handlers/inventory-releases.ts(147,15): error TS2339: Property 'error' does not exist on type '{ error: string; } | { qty: any; }'.
lib/api/handlers/inventory-releases.ts(147,52): error TS2339: Property 'error' does not exist on type '{ error: string; } | { qty: any; }'.
lib/api/handlers/inventory.ts(303,27): error TS2339: Property 'stokId' does not exist on type '{}'.
lib/api/handlers/inventory.ts(305,14): error TS2339: Property 'tanggal' does not exist on type '{}'.
lib/api/handlers/inventory.ts(306,24): error TS2339: Property 'tanggal' does not exist on type '{}'.
lib/api/handlers/inventory.ts(307,22): error TS2339: Property 'tanggal' does not exist on type '{}'.
lib/api/handlers/inventory.ts(347,17): error TS2339: Property 'error' does not exist on type '{ error: string; qty?: undefined; } | { qty: any; error?: undefined; } | { stok: any; gudangKode: any; }'.
lib/api/handlers/inventory.ts(347,42): error TS2339: Property 'error' does not exist on type '{ error: string; qty?: undefined; } | { qty: any; error?: undefined; } | { stok: any; gudangKode: any; }'.
lib/api/handlers/inventory.ts(545,50): error TS2339: Property 'keterangan' does not exist on type '{ updatedAt: Date; }'.
lib/api/handlers/inventory.ts(546,45): error TS2339: Property 'aktif' does not exist on type '{ updatedAt: Date; }'.
lib/api/handlers/inventory.ts(601,14): error TS2339: Property 'error' does not exist on type '{ error: string; } | { qty: any; } | { ok: boolean; }'.
lib/api/handlers/inventory.ts(601,57): error TS2339: Property 'error' does not exist on type '{ error: string; } | { qty: any; } | { ok: boolean; }'.
lib/api/handlers/products.ts(39,22): error TS2339: Property 'grup' does not exist on type '{ $or?: undefined; } | { $or: ({ kode: any; barcode?: undefined; nama?: undefined; } | { barcode: any; kode?: undefined; nama?: undefined; } | { nama: { $regex: any; $options: string; }; kode?: undefined; barcode?: undefined; })[]; }'.
lib/api/handlers/products.ts(40,5): error TS2322: Type 'Filter<TenantDoc> | { $and: {}[]; }' is not assignable to type '{ $or?: undefined; } | { $or: ({ kode: any; barcode?: undefined; nama?: undefined; } | { barcode: any; kode?: undefined; nama?: undefined; } | { nama: { $regex: any; $options: string; }; kode?: undefined; barcode?: undefined; })[]; }'.
lib/api/handlers/tenants.ts(129,59): error TS2339: Property 'tenantId' does not exist on type 'unknown'.
lib/api/handlers/tenants.ts(186,35): error TS2339: Property 'users' does not exist on type '{}'.
lib/api/handlers/vendor-hutang.ts(46,40): error TS2363: The right-hand side of an arithmetic operation must be of type 'any', 'number', 'bigint' or an enum type.
lib/api/handlers/vendor-hutang.ts(107,54): error TS2551: Property 'error' does not exist on type '{ created: number; existing: number; refreshed: number; errors: any[]; total: number; }'. Did you mean 'errors'?
lib/api/handlers/vendor-hutang.ts(107,61): error TS2322: Type '{ error: any; skipped?: undefined; } | { error: string; skipped: boolean; } | { total: any; customerTenantId: string; salesDoSet: unknown[]; reconcile: { created: number; fixed: number; linked: number; replayed: number; scanned: any; salesErrors: any[]; localCreated: number; }; ... 6 more ...; skipped?: undefined; }' is not assignable to type '{ created: number; existing: number; refreshed: number; errors: any[]; total: number; }'.
lib/api/handlers/vendor-hutang.ts(109,36): error TS2339: Property 'created' does not exist on type '{ error: any; skipped?: undefined; } | { error: string; skipped: boolean; } | { total: any; customerTenantId: string; salesDoSet: unknown[]; reconcile: { created: number; fixed: number; linked: number; replayed: number; scanned: any; salesErrors: any[]; localCreated: number; }; ... 6 more ...; skipped?: undefined; }'.
lib/api/handlers/vendor-hutang.ts(110,37): error TS2339: Property 'existing' does not exist on type '{ error: any; skipped?: undefined; } | { error: string; skipped: boolean; } | { total: any; customerTenantId: string; salesDoSet: unknown[]; reconcile: { created: number; fixed: number; linked: number; replayed: number; scanned: any; salesErrors: any[]; localCreated: number; }; ... 6 more ...; skipped?: undefined; }'.
lib/api/handlers/vendor-hutang.ts(111,38): error TS2339: Property 'refreshed' does not exist on type '{ error: any; skipped?: undefined; } | { error: string; skipped: boolean; } | { total: any; customerTenantId: string; salesDoSet: unknown[]; reconcile: { created: number; fixed: number; linked: number; replayed: number; scanned: any; salesErrors: any[]; localCreated: number; }; ... 6 more ...; skipped?: undefined; }'.
lib/api/handlers/vendor-hutang.ts(112,34): error TS2339: Property 'total' does not exist on type '{ error: any; skipped?: undefined; } | { error: string; skipped: boolean; } | { total: any; customerTenantId: string; salesDoSet: unknown[]; reconcile: { created: number; fixed: number; linked: number; replayed: number; scanned: any; salesErrors: any[]; localCreated: number; }; ... 6 more ...; skipped?: undefined; }'.
lib/api/handlers/vendor-hutang.ts(113,18): error TS2551: Property 'errors' does not exist on type '{ error: any; skipped?: undefined; } | { error: string; skipped: boolean; } | { total: any; customerTenantId: string; salesDoSet: unknown[]; reconcile: { created: number; fixed: number; linked: number; replayed: number; scanned: any; salesErrors: any[]; localCreated: number; }; ... 6 more ...; skipped?: undefined; }'. Did you mean 'error'?
lib/api/handlers/vendor-hutang.ts(113,65): error TS2551: Property 'errors' does not exist on type '{ error: any; skipped?: undefined; } | { error: string; skipped: boolean; } | { total: any; customerTenantId: string; salesDoSet: unknown[]; reconcile: { created: number; fixed: number; linked: number; replayed: number; scanned: any; salesErrors: any[]; localCreated: number; }; ... 6 more ...; skipped?: undefined; }'. Did you mean 'error'?
lib/api/handlers/vendor-hutang.ts(115,16): error TS2339: Property 'reconcile' does not exist on type '{ error: any; skipped?: undefined; } | { error: string; skipped: boolean; } | { total: any; customerTenantId: string; salesDoSet: unknown[]; reconcile: { created: number; fixed: number; linked: number; replayed: number; scanned: any; salesErrors: any[]; localCreated: number; }; ... 6 more ...; skipped?: undefined; }'.
lib/api/handlers/vendor-hutang.ts(116,35): error TS2339: Property 'reconcile' does not exist on type '{ error: any; skipped?: undefined; } | { error: string; skipped: boolean; } | { total: any; customerTenantId: string; salesDoSet: unknown[]; reconcile: { created: number; fixed: number; linked: number; replayed: number; scanned: any; salesErrors: any[]; localCreated: number; }; ... 6 more ...; skipped?: undefined; }'.
lib/api/handlers/vendor-hutang.ts(117,33): error TS2339: Property 'reconcile' does not exist on type '{ error: any; skipped?: undefined; } | { error: string; skipped: boolean; } | { total: any; customerTenantId: string; salesDoSet: unknown[]; reconcile: { created: number; fixed: number; linked: number; replayed: number; scanned: any; salesErrors: any[]; localCreated: number; }; ... 6 more ...; skipped?: undefined; }'.
lib/api/handlers/vendor-hutang.ts(118,34): error TS2339: Property 'reconcile' does not exist on type '{ error: any; skipped?: undefined; } | { error: string; skipped: boolean; } | { total: any; customerTenantId: string; salesDoSet: unknown[]; reconcile: { created: number; fixed: number; linked: number; replayed: number; scanned: any; salesErrors: any[]; localCreated: number; }; ... 6 more ...; skipped?: undefined; }'.
lib/api/handlers/vendor-hutang.ts(119,36): error TS2339: Property 'reconcile' does not exist on type '{ error: any; skipped?: undefined; } | { error: string; skipped: boolean; } | { total: any; customerTenantId: string; salesDoSet: unknown[]; reconcile: { created: number; fixed: number; linked: number; replayed: number; scanned: any; salesErrors: any[]; localCreated: number; }; ... 6 more ...; skipped?: undefined; }'.
lib/api/handlers/vendor-hutang.ts(120,35): error TS2339: Property 'reconcile' does not exist on type '{ error: any; skipped?: undefined; } | { error: string; skipped: boolean; } | { total: any; customerTenantId: string; salesDoSet: unknown[]; reconcile: { created: number; fixed: number; linked: number; replayed: number; scanned: any; salesErrors: any[]; localCreated: number; }; ... 6 more ...; skipped?: undefined; }'.
lib/api/handlers/vendor-hutang.ts(121,18): error TS2339: Property 'reconcile' does not exist on type '{ error: any; skipped?: undefined; } | { error: string; skipped: boolean; } | { total: any; customerTenantId: string; salesDoSet: unknown[]; reconcile: { created: number; fixed: number; linked: number; replayed: number; scanned: any; salesErrors: any[]; localCreated: number; }; ... 6 more ...; skipped?: undefined; }'.
lib/api/handlers/vendor-hutang.ts(122,77): error TS2339: Property 'reconcile' does not exist on type '{ error: any; skipped?: undefined; } | { error: string; skipped: boolean; } | { total: any; customerTenantId: string; salesDoSet: unknown[]; reconcile: { created: number; fixed: number; linked: number; replayed: number; scanned: any; salesErrors: any[]; localCreated: number; }; ... 6 more ...; skipped?: undefined; }'.
lib/api/handlers/vendor-hutang.ts(127,20): error TS2551: Property 'error' does not exist on type '{ created: number; existing: number; refreshed: number; errors: any[]; total: number; }'. Did you mean 'errors'?
lib/api/handlers/vendor-hutang.ts(127,41): error TS2339: Property 'skipped' does not exist on type '{ created: number; existing: number; refreshed: number; errors: any[]; total: number; }'.
lib/api/handlers/vendor-hutang.ts(127,72): error TS2551: Property 'error' does not exist on type '{ created: number; existing: number; refreshed: number; errors: any[]; total: number; }'. Did you mean 'errors'?
lib/api/handlers/vendor-hutang.ts(127,90): error TS2339: Property 'skipped' does not exist on type '{ created: number; existing: number; refreshed: number; errors: any[]; total: number; }'.
lib/api/handlers/vendor-hutang.ts(168,5): error TS2322: Type 'Filter<TenantDoc> | { $and: {}[]; }' is not assignable to type '{ $or: ({ referenceType: string; vendorInvoiceId?: undefined; } | { vendorInvoiceId: { $exists: boolean; $ne: any; }; referenceType?: undefined; })[]; } | { $and: {}[]; }'.
lib/api/handlers/vendor-hutang.ts(256,13): error TS2339: Property 'matchOverride' does not exist on type '{ approvalStatus: string; status: string; approvedBy: { userId: any; userName: string; role: any; }; approvedAt: Date; updatedAt: Date; }'.
lib/api/handlers/vendor-hutang.ts(257,13): error TS2339: Property 'matchOverrideNote' does not exist on type '{ approvalStatus: string; status: string; approvedBy: { userId: any; userName: string; role: any; }; approvedAt: Date; updatedAt: Date; }'.
lib/api/handlers/vendor-hutang.ts(258,13): error TS2339: Property 'matchOverrideBy' does not exist on type '{ approvalStatus: string; status: string; approvedBy: { userId: any; userName: string; role: any; }; approvedAt: Date; updatedAt: Date; }'.
lib/api/handlers/webhooks.ts(79,14): error TS2339: Property 'cpoSync' does not exist on type '{}'.
lib/api/handlers/webhooks.ts(98,72): error TS2339: Property 'cpoSync' does not exist on type '{}'.
lib/api/handlers/webhooks.ts(106,82): error TS2339: Property 'cpoSync' does not exist on type '{}'.
lib/api/handlers/webhooks.ts(114,18): error TS2339: Property 'error' does not exist on type '{ action: string; hutangId: any; noHutang: any; approvalStatus: any; total?: undefined; matchStatus?: undefined; } | { action: string; hutangId: any; noHutang: any; total: number; approvalStatus: string; matchStatus: string; } | { ...; } | { ...; }'.
lib/api/handlers/webhooks.ts(114,43): error TS2339: Property 'error' does not exist on type '{ action: string; hutangId: any; noHutang: any; approvalStatus: any; total?: undefined; matchStatus?: undefined; } | { action: string; hutangId: any; noHutang: any; total: number; approvalStatus: string; matchStatus: string; } | { ...; } | { ...; }'.
lib/api/handlers/webhooks.ts(124,27): error TS2339: Property 'cpoSync' does not exist on type '{}'.
lib/api/handlers/webhooks.ts(133,18): error TS2339: Property 'error' does not exist on type '{}'.
lib/api/handlers/webhooks.ts(133,43): error TS2339: Property 'error' does not exist on type '{}'.
lib/api/hutang-detail-enrich.ts(9,22): error TS2339: Property 'companyName' does not exist on type '{}'.
lib/api/hutang-detail-enrich.ts(9,41): error TS2339: Property 'vendorTenantName' does not exist on type '{}'.
lib/api/hutang-detail-enrich.ts(9,65): error TS2339: Property 'vendorName' does not exist on type '{}'.
lib/api/hutang-detail-enrich.ts(10,25): error TS2339: Property 'companyAddress' does not exist on type '{}'.
lib/api/hutang-detail-enrich.ts(10,47): error TS2339: Property 'address' does not exist on type '{}'.
lib/api/hutang-detail-enrich.ts(11,23): error TS2339: Property 'companyPhone' does not exist on type '{}'.
lib/api/hutang-detail-enrich.ts(11,43): error TS2339: Property 'phone' does not exist on type '{}'.
lib/api/hutang-detail-enrich.ts(12,22): error TS2339: Property 'companyNPWP' does not exist on type '{}'.
lib/api/hutang-detail-enrich.ts(12,41): error TS2339: Property 'npwp' does not exist on type '{}'.
lib/api/hutang-detail-enrich.ts(13,21): error TS2339: Property 'logoBase64' does not exist on type '{}'.
lib/api/hutang-detail-enrich.ts(13,39): error TS2339: Property 'vendorLogoBase64' does not exist on type '{}'.
lib/api/hutang-detail-enrich.ts(14,28): error TS2339: Property 'showLogoOnInvoice' does not exist on type '{}'.
lib/api/hutang-from-vendor.ts(309,29): error TS2345: Argument of type '{ tanggal: any; keterangan: string; sourceType: string; sourceId: any; details: { rekeningKode: string; rekeningNama: string; debet: any; kredit: number; keterangan: string; }[]; tenantId: string; }' is not assignable to parameter of type '{ tanggal: any; keterangan: any; sourceType: any; sourceId: any; details: any; userName: any; tenantId?: string; }'.
lib/api/hutang-reconcile.ts(41,11): error TS2339: Property 'referenceType' does not exist on type '{}'.
lib/api/hutang-reconcile.ts(45,45): error TS2339: Property 'tenantId' does not exist on type '{}'.
lib/api/hutang-reconcile.ts(159,14): error TS2339: Property 'error' does not exist on type '{ action: string; hutangId: any; noHutang: any; approvalStatus: any; total?: undefined; matchStatus?: undefined; } | { action: string; hutangId: any; noHutang: any; total: number; approvalStatus: string; matchStatus: string; } | { ...; } | { ...; }'.
lib/api/hutang-reconcile.ts(159,44): error TS2339: Property 'error' does not exist on type '{ action: string; hutangId: any; noHutang: any; approvalStatus: any; total?: undefined; matchStatus?: undefined; } | { action: string; hutangId: any; noHutang: any; total: number; approvalStatus: string; matchStatus: string; } | { ...; } | { ...; }'.
lib/api/hutang-reconcile.ts(270,23): error TS2367: This comparison appears to be unintentional because the types 'boolean' and 'string' have no overlap.
lib/api/hutang-reconcile.ts(279,22): error TS2339: Property 'error' does not exist on type '{ action: string; hutangId: any; noHutang: any; approvalStatus: any; total?: undefined; matchStatus?: undefined; } | { action: string; hutangId: any; noHutang: any; total: number; approvalStatus: string; matchStatus: string; } | { ...; } | { ...; } | { ...; }'.
lib/api/hutang-reconcile.ts(280,85): error TS2339: Property 'error' does not exist on type '{ action: string; hutangId: any; noHutang: any; approvalStatus: any; total?: undefined; matchStatus?: undefined; } | { action: string; hutangId: any; noHutang: any; total: number; approvalStatus: string; matchStatus: string; } | { ...; } | { ...; } | { ...; }'.
lib/api/hutang-variance-enrich.ts(95,27): error TS2339: Property 'noDO' does not exist on type '{ tenantId: any; status: string; }'.
lib/api/hutang-variance-enrich.ts(96,32): error TS2339: Property 'noPO' does not exist on type '{ tenantId: any; status: string; }'.
lib/api/hutang-variance-enrich.ts(104,23): error TS2345: Argument of type 'number' is not assignable to parameter of type 'string'.
lib/api/hutang-variance-enrich.ts(105,23): error TS2345: Argument of type 'number' is not assignable to parameter of type 'string'.
lib/api/hutang-variance-enrich.ts(106,24): error TS2345: Argument of type 'number' is not assignable to parameter of type 'string'.
lib/api/hutang-variance-enrich.ts(150,24): error TS2339: Property 'tenantId' does not exist on type '{ referenceType: string; }'.
lib/api/inventory-cost.ts(55,20): error TS2339: Property 'hargaSpesial' does not exist on type '{}'.
lib/api/inventory-cost.ts(56,9): error TS2339: Property 'hargaSpesial' does not exist on type '{}'.
lib/api/inventory-cost.ts(56,65): error TS2339: Property 'hargaSpesial' does not exist on type '{}'.
lib/api/inventory-cost.ts(58,20): error TS2339: Property 'hargaGrosir' does not exist on type '{}'.
lib/api/inventory-cost.ts(59,9): error TS2339: Property 'hargaGrosir' does not exist on type '{}'.
lib/api/inventory-cost.ts(59,64): error TS2339: Property 'hargaGrosir' does not exist on type '{}'.
lib/api/inventory-cost.ts(61,20): error TS2339: Property 'hargaEcer' does not exist on type '{}'.
lib/api/inventory-cost.ts(62,9): error TS2339: Property 'hargaEcer' does not exist on type '{}'.
lib/api/inventory-cost.ts(62,62): error TS2339: Property 'hargaEcer' does not exist on type '{}'.
lib/api/invoice-sync-sales.ts(65,18): error TS2339: Property 'error' does not exist on type '{ action: string; hutangId: any; noHutang: any; approvalStatus: any; total?: undefined; matchStatus?: undefined; } | { action: string; hutangId: any; noHutang: any; total: number; approvalStatus: string; matchStatus: string; } | { ...; } | { ...; }'.
lib/api/invoice-sync-sales.ts(66,75): error TS2339: Property 'error' does not exist on type '{ action: string; hutangId: any; noHutang: any; approvalStatus: any; total?: undefined; matchStatus?: undefined; } | { action: string; hutangId: any; noHutang: any; total: number; approvalStatus: string; matchStatus: string; } | { ...; } | { ...; }'.
lib/api/migrate-hutang-approval.ts(9,24): error TS2339: Property 'tenantId' does not exist on type '{ referenceType: string; approvalStatus: { $exists: boolean; }; status: { $in: string[]; }; }'.
lib/api/migrate-hutang-approval.ts(20,30): error TS2339: Property 'approvedAt' does not exist on type '{ approvalStatus: string; updatedAt: Date; }'.
lib/api/migrate-hutang-approval.ts(22,13): error TS2339: Property 'approvedBy' does not exist on type '{ approvalStatus: string; updatedAt: Date; }'.
lib/api/migrate-tenant-sppg.ts(65,55): error TS2339: Property 'logoBase64' does not exist on type '{}'.
lib/api/migrate-tenant-sppg.ts(66,63): error TS2339: Property 'companyAddress' does not exist on type '{}'.
lib/api/migrate-tenant-sppg.ts(67,59): error TS2339: Property 'companyPhone' does not exist on type '{}'.
lib/api/migrate-tenant-sppg.ts(68,57): error TS2339: Property 'companyNPWP' does not exist on type '{}'.
lib/api/operational-indexes.ts(62,27): error TS2339: Property 'unique' does not exist on type '{ name: string; }'.
lib/api/period-lock.ts(18,13): error TS2339: Property 'tanggal' does not exist on type '{}'.
lib/api/period-lock.ts(19,23): error TS2339: Property 'tanggal' does not exist on type '{}'.
lib/api/pricing.ts(60,22): error TS2345: Argument of type 'number' is not assignable to parameter of type 'string'.
lib/api/product-sync.ts(116,27): error TS2339: Property 'vendorStokId' does not exist on type '{ tenantId: any; syncSource: string; }'.
lib/api/product-sync.ts(118,12): error TS2339: Property 'kode' does not exist on type '{ tenantId: any; syncSource: string; }'.
lib/api/product-sync.ts(119,12): error TS2339: Property 'vendorTenantId' does not exist on type '{ tenantId: any; syncSource: string; }'.
lib/api/purge-tenant.ts(45,12): error TS2339: Property 'users' does not exist on type '{}'.
lib/api/purge-tenant.ts(48,10): error TS2339: Property 'tenant_settings' does not exist on type '{}'.
lib/api/scope-enrich.ts(20,57): error TS2339: Property 'getTenantId' does not exist on type '{}'.
lib/api/scope-enrich.ts(20,70): error TS2339: Property 'getLokasi' does not exist on type '{}'.
lib/api/scope-enrich.ts(27,33): error TS2554: Expected 3 arguments, but got 2.
lib/api/scope-enrich.ts(55,19): error TS2554: Expected 3 arguments, but got 2.
lib/api/scope-enrich.ts(57,44): error TS2339: Property 'tenantId' does not exist on type 'unknown'.
lib/api/scope-enrich.ts(57,72): error TS2339: Property 'lokasi' does not exist on type 'unknown'.
lib/api/scope-enrich.ts(85,19): error TS2554: Expected 3 arguments, but got 2.
lib/api/scope-enrich.ts(87,44): error TS2339: Property 'tenantId' does not exist on type 'unknown'.
lib/api/scope-enrich.ts(87,72): error TS2339: Property 'lokasi' does not exist on type 'unknown'.
lib/api/session.ts(81,31): error TS2339: Property 'cookies' does not exist on type 'Request'.
lib/api/session.ts(86,31): error TS2339: Property 'cookies' does not exist on type 'Request'.
lib/api/stok-lokasi.ts(196,11): error TS2339: Property 'error' does not exist on type '{ error: string; } | { qty: any; }'.
lib/api/stok-lokasi.ts(198,11): error TS2339: Property 'error' does not exist on type '{ error: string; } | { qty: any; }'.
lib/api/tenant-master.ts(179,31): error TS2339: Property 'tenantId' does not exist on type '{}'.
lib/api/tenant-master.ts(179,60): error TS2339: Property 'tenantId' does not exist on type '{}'.
lib/api/tenant-master.ts(184,47): error TS2339: Property 'url' does not exist on type '{}'.
lib/api/tenant-master.ts(184,52): error TS2339: Property 'body' does not exist on type '{}'.
lib/api/tenant-master.ts(210,53): error TS2339: Property 'url' does not exist on type '{}'.
lib/api/tenant-master.ts(210,58): error TS2339: Property 'body' does not exist on type '{}'.
lib/api/tenant-master.ts(210,64): error TS2339: Property 'request' does not exist on type '{}'.
lib/api/tenant-master.ts(224,49): error TS2339: Property 'url' does not exist on type '{}'.
lib/api/tenant-master.ts(224,54): error TS2339: Property 'body' does not exist on type '{}'.
lib/api/tenant-master.ts(224,60): error TS2339: Property 'request' does not exist on type '{}'.
lib/api/tenant-operational.ts(78,12): error TS2339: Property '$or' does not exist on type '{ id: any; }'.
lib/api/tenant-operational.ts(85,12): error TS2339: Property 'tenantId' does not exist on type '{ id: any; }'.
lib/api/three-way-match.ts(9,23): error TS2339: Property 'qtyTolerancePct' does not exist on type '{}'.
lib/api/three-way-match.ts(10,25): error TS2339: Property 'priceTolerancePct' does not exist on type '{}'.
lib/api/vendor-tenants.ts(11,17): error TS2339: Property 'tierHargaDefault' does not exist on type '{ vendorTenantName: string; updatedAt: Date; }'.
lib/api/vendor-tenants.ts(25,11): error TS2554: Expected 5 arguments, but got 4.
